[watch] base=D:\Marketing roots=2 interval=5.0s
[watch]   D:\Marketing\- POLSKA\01 - PRODUKTY\- DK
[watch]   D:\Marketing\- EKSPORT\01 - PRODUCTS\- GC
[watch] --no-initial: monitor only
[watch] change 1786358529 -> 1786367533; rebuild...
[watch] skip rebuild: lock held
[watch] rebuild failed rc=2
[watch] change 1786358529 -> 1786367533; rebuild...
[watch] skip rebuild: lock held
[watch] rebuild failed rc=2
[watch] change 1786358529 -> 1786367533; rebuild...
[watch] skip rebuild: lock held
[watch] rebuild failed rc=2
[watch] change 1786358529 -> 1786367533; rebuild...
[watch] skip rebuild: lock held
[watch] rebuild failed rc=2
[watch] change 1786358529 -> 1786367554; rebuild...
[watch] skip rebuild: lock held
[watch] rebuild failed rc=2
[watch] change 1786358529 -> 1786367554; rebuild...
[watch] skip rebuild: lock held
[watch] rebuild failed rc=2
[watch] change 1786358529 -> 1786367554; rebuild...
[watch] skip rebuild: lock held
[watch] rebuild failed rc=2
[watch] change 1786358529 -> 1786367554; rebuild...
[watch] rebuild OK
[watch] change 1786367554 -> 1786367671; rebuild...
[watch] skip rebuild: lock held
[watch] rebuild failed rc=2
[watch] change 1786367554 -> 1786367671; rebuild...
[watch] skip rebuild: lock held
[watch] rebuild failed rc=2
[watch] change 1786367554 -> 1786367671; rebuild...
[watch] skip rebuild: lock held
[watch] rebuild failed rc=2
[watch] change 1786367554 -> 1786367685; rebuild...
[watch] rebuild OK
[watch] change 1786367685 -> 1786367798; rebuild...
[watch] rebuild OK
[watch] change 1786367798 -> 1786367813; rebuild...
[watch] skip rebuild: lock held
[watch] rebuild failed rc=2
[watch] change 1786367798 -> 1786367813; rebuild...
[watch] skip rebuild: lock held
[watch] rebuild failed rc=2
[watch] change 1786367798 -> 1786367813; rebuild...
[watch] skip rebuild: lock held
[watch] rebuild failed rc=2
[watch] change 1786367798 -> 1786367813; rebuild...
[watch] rebuild OK
[watch] change 1786367813 -> 1786432738; rebuild...
[watch] skip rebuild: lock held
[watch] rebuild failed rc=2
[watch] change 1786367813 -> 1786432738; rebuild...
[watch] skip rebuild: lock held
[watch] rebuild failed rc=2
[watch] change 1786367813 -> 1786432738; rebuild...
[watch] skip rebuild: lock held
[watch] rebuild failed rc=2
[watch] change 1786367813 -> 1786432738; rebuild...
[watch] skip rebuild: lock held
[watch] rebuild failed rc=2
[watch] change 1786367813 -> 1786432738; rebuild...
[watch] skip rebuild: lock held
[watch] rebuild failed rc=2
[watch] change 1786367813 -> 1786432738; rebuild...
[watch] skip rebuild: lock held
[watch] rebuild failed rc=2
[watch] change 1786367813 -> 1786432738; rebuild...
[watch] skip rebuild: lock held
[watch] rebuild failed rc=2
[watch] change 1786367813 -> 1786432738; rebuild...
[watch] skip rebuild: lock held
[watch] rebuild failed[watch] base=D:\Marketing roots=2 interval=5.0s
[watch]   D:\Marketing\- POLSKA\01 - PRODUKTY\- DK
[watch]   D:\Marketing\- EKSPORT\01 - PRODUCTS\- GC
[watch] --no-initial: monitor only
[watch] change 1786367813 -> 1786432738; rebuild...
[watch] skip rebuild: lock held
[watch] rebuild failed rc=2
[watch] change 1786367813 -> 1786432738; rebuild...
[watch] skip rebuild: lock held
[watch] rebuild failed rc=2
[watch] change 1786367813 -> 1786432738; rebuild...
[watch] skip rebuild: lock held
[watch] rebuild failed rc=2
[watch] change 1786367813 -> 1786432738; rebuild...
[watch] skip rebuild: lock held
[watch] rebuild failed rc=2
[watch] change 1786367813 -> 1786432738; rebuild...
[watch] skip rebuild: lock held
[watch] rebuild failed rc=2
[watch] change 1786367813 -> 1786432738; rebuild...
[watch] rebuild OK
[watch] change 1786432738 -> 1786441334; rebuild...
[watch] skip rebuild: lock held
[watch] rebuild failed rc=2
[watch] change 1786432738 -> 1786441334; rebuild...
[watch] skip rebuild: lock held
[watch] rebuild failed rc=2
[watch] change 1786432738 -> 1786441334; rebuild...
[watch] skip rebuild: lock held
[watch] rebuild failed rc=2
[watch] change 1786432738 -> 1786441334; rebuild...
[watch] skip rebuild: lock held
[watch] rebuild failed rc=2
[watch] change 1786432738 -> 1786441334; rebuild...
[watch] skip rebuild: lock held
[watch] rebuild failed rc=2
[watch] change 1786432738 -> 1786441334; rebuild...
[watch] skip rebuild: lock held
[watch] rebuild failed rc=2
[watch] change 1786432738 -> 1786441334; rebuild...
[watch] skip rebuild: lock held
[watch] rebuild failed rc=2
[watch] change 1786432738 -> 1786441334; rebuild...
[watch] skip rebuild: lock held
[watch] rebuild failed rc=2
[watch] change 1786432738 -> 1786441334; rebuild...
[watch] skip rebuild: lock held
[watch] rebuild failed rc=2
[watch] change 1786432738 -> 1786441334; rebuild...
[watch] skip rebuild: lock held
[watch] rebuild failed rc=2
[watch] change 1786432738 -> 1786441334; rebuild...
[watch] skip rebuild: lock held
[watch] rebuild failed rc=2
[watch] change 1786432738 -> 1786441334; rebuild...
[watch] rebuild OK
[watch] change 1786441334 -> 1786441418; rebuild...
[watch] skip rebuild: lock held
[watch] rebuild failed rc=2
[watch] change 1786441334 -> 1786441418; rebuild...
[watch] skip rebuild: lock held
[watch] rebuild failed rc=2
[watch] change 1786441334 -> 1786441418; rebuild...
[watch] skip rebuild: lock held
[watch] rebuild failed rc=2
[watch] change 1786441334 -> 1786441418; rebuild...
[watch] skip rebuild: lock held
[watch] rebuild failed rc=2
[watch] change 1786441334 -> 1786441418; rebuild...
[watch] skip rebuild: lock held
[watch] rebuild failed rc=2
[watch] change 1786441334 -> 1786441418; rebuild...
[watch] skip rebuild: lock held
[watch] rebuild failed rc=2
[watch] change 1786441334 -> 1786441418; rebuild...
[watch] skip rebuild: lock held
[watch] rebuild failed rc=2
[watch] change 1786441334 -> 1786441418; rebuild...
[watch] skip rebuild: lock held
[watch] rebuild failed rc=2
[watch] change 1786441334 -> 1786441418; rebuild...
[watch] rebuild OK
[watch] change 1786441418 -> 1786443088; rebuild...
[watch] skip rebuild: lock held
[watch] rebuild failed rc=2
[watch] change 1786441418 -> 1786443088; rebuild...
[watch] skip rebuild: lock held
[watch] rebuild failed rc=2
[watch] change 1786441418 -> 1786443088; rebuild...
[watch] skip rebuild: lock held
[watch] rebuild failed rc=2
[watch] change 1786441418 -> 1786443101; rebuild...
[watch] skip rebuild: lock held
[watch] rebuild failed rc=2
[watch] change 1786441418 -> 1786443101; rebuild...
[watch] skip rebuild: lock held
[watch] rebuild failed rc=2
[watch] change 1786441418 -> 1786443112; rebuild...
[watch] rebuild OK
[watch] change 1786443112 -> 1786443120; rebuild...
[watch] skip rebuild: lock held
[watch] rebuild failed rc=2
[watch] change 1786443112 -> 1786443132; rebuild...
[watch] skip rebuild: lock held
[watch] rebuild failed rc=2
[watch] change 1786443112 -> 1786443132; rebuild...
[watch] skip rebuild: lock held
[watch] rebuild failed rc=2
[watch] change 1786443112 -> 1786443132; rebuild...
[watch] skip rebuild: lock held
[watch] rebuild failed rc=2
[watch] change 1786443112 -> 1786443147; rebuild...
[watch] skip rebuild: lock held
[watch] rebuild failed rc=2
[watch] change 1786443112 -> 1786443147; rebuild...
[watch] skip rebuild: lock held
[watch] rebuild failed rc=2
[watch] change 1786443112 -> 1786443147; rebuild...
Traceback (most recent call last):
  File "D:\Marketing\- POLSKA\99 - WYMIANA\Krzysztof\--- Moj obszar pracy\DAM---Dobra-Kaloria---inyfinn\bin\apps\web\scripts\watch-file-index.py", line 354, in <module>
    main()
  File "D:\Marketing\- POLSKA\99 - WYMIANA\Krzysztof\--- Moj obszar pracy\DAM---Dobra-Kaloria---inyfinn\bin\apps\web\scripts\watch-file-index.py", line 340, in main
    rc = rebuild_with_lock(
         ^^^^^^^^^^^^^^^^^^
  File "D:\Marketing\- POLSKA\99 - WYMIANA\Krzysztof\--- Moj obszar pracy\DAM---Dobra-Kaloria---inyfinn\bin\apps\web\scripts\watch-file-index.py", line 181, in rebuild_with_lock
    handl